exports[`BasketTotalComponent render total is 4.1 should contain the correct total 1`] = `"<div class=\"app__basket-total\">$4.10</div>"`;

exports[`BasketTotalComponent render total is 5 should contain the correct total 1`] = `"<div class=\"app__basket-total\">$5.00</div>"`;
